// Jest Snapshot v1, https://goo.gl/fbAQLP

exports[`Controls should match snapshot 1`] = `
<section
  className="button-container"
>
  <input
    className="study-button"
    type="submit"
    value="Study list"
  />
  <input
    className="show-all-button"
    type="submit"
    value="Show all"
  />
</section>
`;
